EN subbytes NULL "E:/OneDrive/PC Documents/Important/University/Year 4/EEE6225/Project/keyGeneration/subBytes_CHEAT.vhd" sub00/vhpl06 1517272939
AR addr_gen behavioral "E:/OneDrive/PC Documents/Important/University/Year 4/EEE6225/Project/keyGeneration/addr_gen.vhd" sub00/vhpl05 1517272938
EN addr_gen NULL "E:/OneDrive/PC Documents/Important/University/Year 4/EEE6225/Project/keyGeneration/addr_gen.vhd" sub00/vhpl04 1517272937
EN key_counter_v2 NULL "E:/OneDrive/PC Documents/Important/University/Year 4/EEE6225/Project/keyGeneration/key_counter_v2.vhd" sub00/vhpl00 1517272933
EN srl16_8 NULL "E:/OneDrive/PC Documents/Important/University/Year 4/EEE6225/Project/keyGeneration/srl16_8.vhd" sub00/vhpl02 1517272935
AR subbytes rtl "E:/OneDrive/PC Documents/Important/University/Year 4/EEE6225/Project/keyGeneration/subBytes_CHEAT.vhd" sub00/vhpl07 1517272940
EN keygen NULL "E:/OneDrive/PC Documents/Important/University/Year 4/EEE6225/Project/keyGeneration/keyGen.vhd" sub00/vhpl10 1517272943
AR key_counter_v2 behavioral "E:/OneDrive/PC Documents/Important/University/Year 4/EEE6225/Project/keyGeneration/key_counter_v2.vhd" sub00/vhpl01 1517272934
AR srl16_8 behavioral "E:/OneDrive/PC Documents/Important/University/Year 4/EEE6225/Project/keyGeneration/srl16_8.vhd" sub00/vhpl03 1517272936
AR rcon_gen behavioral "E:/OneDrive/PC Documents/Important/University/Year 4/EEE6225/Project/keyGeneration/RCon_gen.vhd" sub00/vhpl09 1517272942
EN rcon_gen NULL "E:/OneDrive/PC Documents/Important/University/Year 4/EEE6225/Project/keyGeneration/RCon_gen.vhd" sub00/vhpl08 1517272941
AR keygen behavioral "E:/OneDrive/PC Documents/Important/University/Year 4/EEE6225/Project/keyGeneration/keyGen.vhd" sub00/vhpl11 1517272944
