EN subbytes NULL E:/Georgina/Documents/William/System-Design/VHDL/William/keyGeneration/subBytes_CHEAT.vhd sub00/vhpl06 1517659435
AR addr_gen behavioral E:/Georgina/Documents/William/System-Design/VHDL/William/keyGeneration/addr_gen.vhd sub00/vhpl05 1517659434
EN addr_gen NULL E:/Georgina/Documents/William/System-Design/VHDL/William/keyGeneration/addr_gen.vhd sub00/vhpl04 1517659433
EN key_counter_v2 NULL E:/Georgina/Documents/William/System-Design/VHDL/William/keyGeneration/key_counter_v2.vhd sub00/vhpl00 1517659429
EN srl16_8 NULL E:/Georgina/Documents/William/System-Design/VHDL/William/keyGeneration/srl16_8.vhd sub00/vhpl02 1517659431
AR subbytes rtl E:/Georgina/Documents/William/System-Design/VHDL/William/keyGeneration/subBytes_CHEAT.vhd sub00/vhpl07 1517659436
EN keygen NULL E:/Georgina/Documents/William/System-Design/VHDL/William/keyGeneration/keyGen.vhd sub00/vhpl10 1517659439
AR key_counter_v2 behavioral E:/Georgina/Documents/William/System-Design/VHDL/William/keyGeneration/key_counter_v2.vhd sub00/vhpl01 1517659430
AR srl16_8 behavioral E:/Georgina/Documents/William/System-Design/VHDL/William/keyGeneration/srl16_8.vhd sub00/vhpl03 1517659432
AR rcon_gen behavioral E:/Georgina/Documents/William/System-Design/VHDL/William/keyGeneration/RCon_gen.vhd sub00/vhpl09 1517659438
EN rcon_gen NULL E:/Georgina/Documents/William/System-Design/VHDL/William/keyGeneration/RCon_gen.vhd sub00/vhpl08 1517659437
AR keygen behavioral E:/Georgina/Documents/William/System-Design/VHDL/William/keyGeneration/keyGen.vhd sub00/vhpl11 1517659440
