EN subbytes NULL "E:/OneDrive/PC Documents/Important/University/Year 4/EEE6225/System-Design/VHDL/William/keyGeneration/subBytes_CHEAT.vhd" sub00/vhpl06 1517780508
AR addr_gen behavioral "E:/OneDrive/PC Documents/Important/University/Year 4/EEE6225/System-Design/VHDL/William/keyGeneration/addr_gen.vhd" sub00/vhpl05 1517780507
EN addr_gen NULL "E:/OneDrive/PC Documents/Important/University/Year 4/EEE6225/System-Design/VHDL/William/keyGeneration/addr_gen.vhd" sub00/vhpl04 1517780506
EN key_counter_v2 NULL "E:/OneDrive/PC Documents/Important/University/Year 4/EEE6225/System-Design/VHDL/William/keyGeneration/key_counter_v2.vhd" sub00/vhpl00 1517780502
EN srl16_8 NULL "E:/OneDrive/PC Documents/Important/University/Year 4/EEE6225/System-Design/VHDL/William/keyGeneration/srl16_8.vhd" sub00/vhpl02 1517780504
AR subbytes rtl "E:/OneDrive/PC Documents/Important/University/Year 4/EEE6225/System-Design/VHDL/William/keyGeneration/subBytes_CHEAT.vhd" sub00/vhpl07 1517780509
EN keygen NULL "E:/OneDrive/PC Documents/Important/University/Year 4/EEE6225/System-Design/VHDL/William/keyGeneration/keyGen.vhd" sub00/vhpl10 1517780512
AR key_counter_v2 behavioral "E:/OneDrive/PC Documents/Important/University/Year 4/EEE6225/System-Design/VHDL/William/keyGeneration/key_counter_v2.vhd" sub00/vhpl01 1517780503
AR srl16_8 behavioral "E:/OneDrive/PC Documents/Important/University/Year 4/EEE6225/System-Design/VHDL/William/keyGeneration/srl16_8.vhd" sub00/vhpl03 1517780505
AR rcon_gen behavioral "E:/OneDrive/PC Documents/Important/University/Year 4/EEE6225/System-Design/VHDL/William/keyGeneration/RCon_gen.vhd" sub00/vhpl09 1517780511
EN rcon_gen NULL "E:/OneDrive/PC Documents/Important/University/Year 4/EEE6225/System-Design/VHDL/William/keyGeneration/RCon_gen.vhd" sub00/vhpl08 1517780510
AR keygen behavioral "E:/OneDrive/PC Documents/Important/University/Year 4/EEE6225/System-Design/VHDL/William/keyGeneration/keyGen.vhd" sub00/vhpl11 1517780513
