V3 25
FL "E:/OneDrive/PC Documents/Important/University/Year 4/EEE6225/Project/keyGeneration/addr_gen.vhd" 2018/01/29.21:38:18 P.20131013
EN work/addr_gen 1517272937 \
      FL "E:/OneDrive/PC Documents/Important/University/Year 4/EEE6225/Project/keyGeneration/addr_gen.vhd" \
      PB ieee/std_logic_1164 1381692176 PB ieee/NUMERIC_STD 1381692181
AR work/addr_gen/Behavioral 1517272938 \
      FL "E:/OneDrive/PC Documents/Important/University/Year 4/EEE6225/Project/keyGeneration/addr_gen.vhd" \
      EN work/addr_gen 1517272937
FL "E:/OneDrive/PC Documents/Important/University/Year 4/EEE6225/Project/keyGeneration/keyGen.vhd" 2018/01/29.22:28:15 P.20131013
EN work/keyGen 1517272943 \
      FL "E:/OneDrive/PC Documents/Important/University/Year 4/EEE6225/Project/keyGeneration/keyGen.vhd" \
      PB ieee/std_logic_1164 1381692176
AR work/keyGen/Behavioral 1517272944 \
      FL "E:/OneDrive/PC Documents/Important/University/Year 4/EEE6225/Project/keyGeneration/keyGen.vhd" \
      EN work/keyGen 1517272943 CP key_counter_v2 CP srl16_8 CP addr_gen CP SUBBYTES \
      CP RCon_gen
FL "E:/OneDrive/PC Documents/Important/University/Year 4/EEE6225/Project/keyGeneration/key_counter_v2.vhd" 2018/01/30.00:16:53 P.20131013
EN work/key_counter_v2 1517272933 \
      FL "E:/OneDrive/PC Documents/Important/University/Year 4/EEE6225/Project/keyGeneration/key_counter_v2.vhd" \
      PB ieee/std_logic_1164 1381692176 PB ieee/NUMERIC_STD 1381692181 LB UNISIM \
      PH unisim/VCOMPONENTS 1381692182
AR work/key_counter_v2/Behavioral 1517272934 \
      FL "E:/OneDrive/PC Documents/Important/University/Year 4/EEE6225/Project/keyGeneration/key_counter_v2.vhd" \
      EN work/key_counter_v2 1517272933 CP SRLC16E
FL "E:/OneDrive/PC Documents/Important/University/Year 4/EEE6225/Project/keyGeneration/RCon_gen.vhd" 2018/01/25.14:14:57 P.20131013
EN work/RCon_gen 1517272941 \
      FL "E:/OneDrive/PC Documents/Important/University/Year 4/EEE6225/Project/keyGeneration/RCon_gen.vhd" \
      PB ieee/std_logic_1164 1381692176 PB ieee/NUMERIC_STD 1381692181
AR work/RCon_gen/Behavioral 1517272942 \
      FL "E:/OneDrive/PC Documents/Important/University/Year 4/EEE6225/Project/keyGeneration/RCon_gen.vhd" \
      EN work/RCon_gen 1517272941
FL "E:/OneDrive/PC Documents/Important/University/Year 4/EEE6225/Project/keyGeneration/srl16_8.vhd" 2018/01/24.11:02:50 P.20131013
EN work/srl16_8 1517272935 \
      FL "E:/OneDrive/PC Documents/Important/University/Year 4/EEE6225/Project/keyGeneration/srl16_8.vhd" \
      PB ieee/std_logic_1164 1381692176 LB UNISIM PH unisim/VCOMPONENTS 1381692182
AR work/srl16_8/Behavioral 1517272936 \
      FL "E:/OneDrive/PC Documents/Important/University/Year 4/EEE6225/Project/keyGeneration/srl16_8.vhd" \
      EN work/srl16_8 1517272935 CP SRLC16E
FL "E:/OneDrive/PC Documents/Important/University/Year 4/EEE6225/Project/keyGeneration/subBytes_CHEAT.vhd" 2018/01/29.17:32:46 P.20131013
EN work/SUBBYTES 1517272939 \
      FL "E:/OneDrive/PC Documents/Important/University/Year 4/EEE6225/Project/keyGeneration/subBytes_CHEAT.vhd" \
      PB ieee/std_logic_1164 1381692176 PB ieee/NUMERIC_STD 1381692181
AR work/SUBBYTES/RTL 1517272940 \
      FL "E:/OneDrive/PC Documents/Important/University/Year 4/EEE6225/Project/keyGeneration/subBytes_CHEAT.vhd" \
      EN work/SUBBYTES 1517272939
