V3 25
FL E:/Georgina/Documents/William/System-Design/VHDL/William/keyGeneration/addr_gen.vhd 2018/02/02.21:40:56 P.20131013
EN work/addr_gen 1517659433 \
      FL E:/Georgina/Documents/William/System-Design/VHDL/William/keyGeneration/addr_gen.vhd \
      PB ieee/std_logic_1164 1381692176 PB ieee/NUMERIC_STD 1381692181
AR work/addr_gen/Behavioral 1517659434 \
      FL E:/Georgina/Documents/William/System-Design/VHDL/William/keyGeneration/addr_gen.vhd \
      EN work/addr_gen 1517659433
FL E:/Georgina/Documents/William/System-Design/VHDL/William/keyGeneration/keyGen.vhd 2018/02/03.12:03:45 P.20131013
EN work/keyGen 1517659439 \
      FL E:/Georgina/Documents/William/System-Design/VHDL/William/keyGeneration/keyGen.vhd \
      PB ieee/std_logic_1164 1381692176
AR work/keyGen/Behavioral 1517659440 \
      FL E:/Georgina/Documents/William/System-Design/VHDL/William/keyGeneration/keyGen.vhd \
      EN work/keyGen 1517659439 CP key_counter_v2 CP srl16_8 CP addr_gen CP SUBBYTES \
      CP RCon_gen
FL E:/Georgina/Documents/William/System-Design/VHDL/William/keyGeneration/key_counter_v2.vhd 2018/02/02.21:40:57 P.20131013
EN work/key_counter_v2 1517659429 \
      FL E:/Georgina/Documents/William/System-Design/VHDL/William/keyGeneration/key_counter_v2.vhd \
      PB ieee/std_logic_1164 1381692176 PB ieee/NUMERIC_STD 1381692181 LB UNISIM \
      PH unisim/VCOMPONENTS 1381692182
AR work/key_counter_v2/Behavioral 1517659430 \
      FL E:/Georgina/Documents/William/System-Design/VHDL/William/keyGeneration/key_counter_v2.vhd \
      EN work/key_counter_v2 1517659429 CP SRLC16E
FL E:/Georgina/Documents/William/System-Design/VHDL/William/keyGeneration/RCon_gen.vhd 2018/02/03.12:02:02 P.20131013
EN work/RCon_gen 1517659437 \
      FL E:/Georgina/Documents/William/System-Design/VHDL/William/keyGeneration/RCon_gen.vhd \
      PB ieee/std_logic_1164 1381692176 PB ieee/NUMERIC_STD 1381692181
AR work/RCon_gen/Behavioral 1517659438 \
      FL E:/Georgina/Documents/William/System-Design/VHDL/William/keyGeneration/RCon_gen.vhd \
      EN work/RCon_gen 1517659437
FL E:/Georgina/Documents/William/System-Design/VHDL/William/keyGeneration/srl16_8.vhd 2018/02/02.21:40:57 P.20131013
EN work/srl16_8 1517659431 \
      FL E:/Georgina/Documents/William/System-Design/VHDL/William/keyGeneration/srl16_8.vhd \
      PB ieee/std_logic_1164 1381692176 LB UNISIM PH unisim/VCOMPONENTS 1381692182
AR work/srl16_8/Behavioral 1517659432 \
      FL E:/Georgina/Documents/William/System-Design/VHDL/William/keyGeneration/srl16_8.vhd \
      EN work/srl16_8 1517659431 CP SRLC16E
FL E:/Georgina/Documents/William/System-Design/VHDL/William/keyGeneration/subBytes_CHEAT.vhd 2018/02/02.21:40:57 P.20131013
EN work/SUBBYTES 1517659435 \
      FL E:/Georgina/Documents/William/System-Design/VHDL/William/keyGeneration/subBytes_CHEAT.vhd \
      PB ieee/std_logic_1164 1381692176 PB ieee/NUMERIC_STD 1381692181
AR work/SUBBYTES/RTL 1517659436 \
      FL E:/Georgina/Documents/William/System-Design/VHDL/William/keyGeneration/subBytes_CHEAT.vhd \
      EN work/SUBBYTES 1517659435
