V3 31
FL E:/Georgina/Documents/William/System-Design/VHDL/William/keyGeneration/addr_gen.vhd 2018/02/02.21:40:56 P.20131013
FL E:/Georgina/Documents/William/System-Design/VHDL/William/keyGeneration/keyGen.vhd 2018/02/03.12:03:45 P.20131013
FL E:/Georgina/Documents/William/System-Design/VHDL/William/keyGeneration/key_counter_v2.vhd 2018/02/02.21:40:57 P.20131013
FL E:/Georgina/Documents/William/System-Design/VHDL/William/keyGeneration/RCon_gen.vhd 2018/02/03.12:02:02 P.20131013
FL E:/Georgina/Documents/William/System-Design/VHDL/William/keyGeneration/srl16_8.vhd 2018/02/02.21:40:57 P.20131013
FL E:/Georgina/Documents/William/System-Design/VHDL/William/keyGeneration/subBytes_CHEAT.vhd 2018/02/02.21:40:57 P.20131013
FL "E:/OneDrive/PC Documents/Important/University/Year 4/EEE6225/System-Design/VHDL/William/keyGeneration/addr_gen.vhd" 2018/02/04.21:32:31 P.20131013
EN work/addr_gen 1517780506 \
      FL "E:/OneDrive/PC Documents/Important/University/Year 4/EEE6225/System-Design/VHDL/William/keyGeneration/addr_gen.vhd" \
      PB ieee/std_logic_1164 1381692176 PB ieee/NUMERIC_STD 1381692181
AR work/addr_gen/Behavioral 1517780507 \
      FL "E:/OneDrive/PC Documents/Important/University/Year 4/EEE6225/System-Design/VHDL/William/keyGeneration/addr_gen.vhd" \
      EN work/addr_gen 1517780506
FL "E:/OneDrive/PC Documents/Important/University/Year 4/EEE6225/System-Design/VHDL/William/keyGeneration/keyGen.vhd" 2018/02/04.18:36:08 P.20131013
EN work/keyGen 1517780512 \
      FL "E:/OneDrive/PC Documents/Important/University/Year 4/EEE6225/System-Design/VHDL/William/keyGeneration/keyGen.vhd" \
      PB ieee/std_logic_1164 1381692176 PB ieee/NUMERIC_STD 1381692181
AR work/keyGen/Behavioral 1517780513 \
      FL "E:/OneDrive/PC Documents/Important/University/Year 4/EEE6225/System-Design/VHDL/William/keyGeneration/keyGen.vhd" \
      EN work/keyGen 1517780512 CP key_counter_v2 CP srl16_8 CP addr_gen CP SUBBYTES \
      CP RCon_gen
FL "E:/OneDrive/PC Documents/Important/University/Year 4/EEE6225/System-Design/VHDL/William/keyGeneration/key_counter_v2.vhd" 2018/02/04.21:41:28 P.20131013
EN work/key_counter_v2 1517780502 \
      FL "E:/OneDrive/PC Documents/Important/University/Year 4/EEE6225/System-Design/VHDL/William/keyGeneration/key_counter_v2.vhd" \
      PB ieee/std_logic_1164 1381692176 PB ieee/NUMERIC_STD 1381692181 LB UNISIM \
      PH unisim/VCOMPONENTS 1381692182
AR work/key_counter_v2/Behavioral 1517780503 \
      FL "E:/OneDrive/PC Documents/Important/University/Year 4/EEE6225/System-Design/VHDL/William/keyGeneration/key_counter_v2.vhd" \
      EN work/key_counter_v2 1517780502 CP SRLC16E
FL "E:/OneDrive/PC Documents/Important/University/Year 4/EEE6225/System-Design/VHDL/William/keyGeneration/RCon_gen.vhd" 2018/02/04.09:51:05 P.20131013
EN work/RCon_gen 1517780510 \
      FL "E:/OneDrive/PC Documents/Important/University/Year 4/EEE6225/System-Design/VHDL/William/keyGeneration/RCon_gen.vhd" \
      PB ieee/std_logic_1164 1381692176 PB ieee/NUMERIC_STD 1381692181
AR work/RCon_gen/Behavioral 1517780511 \
      FL "E:/OneDrive/PC Documents/Important/University/Year 4/EEE6225/System-Design/VHDL/William/keyGeneration/RCon_gen.vhd" \
      EN work/RCon_gen 1517780510
FL "E:/OneDrive/PC Documents/Important/University/Year 4/EEE6225/System-Design/VHDL/William/keyGeneration/srl16_8.vhd" 2018/01/24.11:02:50 P.20131013
EN work/srl16_8 1517780504 \
      FL "E:/OneDrive/PC Documents/Important/University/Year 4/EEE6225/System-Design/VHDL/William/keyGeneration/srl16_8.vhd" \
      PB ieee/std_logic_1164 1381692176 LB UNISIM PH unisim/VCOMPONENTS 1381692182
AR work/srl16_8/Behavioral 1517780505 \
      FL "E:/OneDrive/PC Documents/Important/University/Year 4/EEE6225/System-Design/VHDL/William/keyGeneration/srl16_8.vhd" \
      EN work/srl16_8 1517780504 CP SRLC16E
FL "E:/OneDrive/PC Documents/Important/University/Year 4/EEE6225/System-Design/VHDL/William/keyGeneration/subBytes_CHEAT.vhd" 2018/01/29.17:32:46 P.20131013
EN work/SUBBYTES 1517780508 \
      FL "E:/OneDrive/PC Documents/Important/University/Year 4/EEE6225/System-Design/VHDL/William/keyGeneration/subBytes_CHEAT.vhd" \
      PB ieee/std_logic_1164 1381692176 PB ieee/NUMERIC_STD 1381692181
AR work/SUBBYTES/RTL 1517780509 \
      FL "E:/OneDrive/PC Documents/Important/University/Year 4/EEE6225/System-Design/VHDL/William/keyGeneration/subBytes_CHEAT.vhd" \
      EN work/SUBBYTES 1517780508
